<html>
<body>
<pre>
<h1>µVision Build Log</h1>
<h2>Tool Versions:</h2>
IDE-Version: µVision V5.38.0.0
Copyright (C) 2022 ARM Ltd and ARM Germany GmbH. All rights reserved.
License Information: amir Arsalan, sbu, LIC=03C6R-K2NYZ-30WNC-79D5T-M13VX-8YPUD
 
Tool Versions:
Toolchain:       MDK-ARM Plus  Version: 5.38.0.0
Toolchain Path:  D:\keil\keilv_5\ARM\ARMCLANG\Bin
C Compiler:      ArmClang.exe V6.19
Assembler:       Armasm.exe V6.19
Linker/Locator:  ArmLink.exe V6.19
Library Manager: ArmAr.exe V6.19
Hex Converter:   FromElf.exe V6.19
CPU DLL:         SARMCM3.DLL V5.38.0.0
Dialog DLL:      DCM.DLL V1.17.5.0
Target DLL:      UL2CM3.DLL V1.164.8.0
Dialog DLL:      TCM.DLL V1.56.4.0
 
<h2>Project:</h2>
C:\Users\Arsalan\Desktop\documents\University\az riz\final project\keil\signal_generator.uvprojx
Project File Date:  06/27/2023

<h2>Output:</h2>
*** Using Compiler 'V6.19', folder: 'D:\keil\keilv_5\ARM\ARMCLANG\Bin'
Build target 'Target 1'
main.c(3): warning: In file included from...
./LCD16x2Lib/LCD.h(12): warning: // comments are not allowed in this language [-Wcomment]
//#include "gpio.h"
^
main.c(4): warning: a function declaration without a prototype is deprecated in all versions of C [-Wstrict-prototypes]
int read_keyboard();
                 ^
                  void
main.c(5): warning: a function declaration without a prototype is deprecated in all versions of C [-Wstrict-prototypes]
uint16_t Read_ADC();
                 ^
                  void
main.c(7): warning: a function declaration without a prototype is deprecated in all versions of C [-Wstrict-prototypes]
void Init_KeyPad(){
                ^
                 void
main.c(51): warning: // comments are not allowed in this language [-Wcomment]
        // the done bit to see if the work of slave processor is done.
        ^
main.c(7): warning: no previous prototype for function 'Init_KeyPad' [-Wmissing-prototypes]
void Init_KeyPad(){
     ^
main.c(7): note: declare 'static' if the function is not intended to be used outside of this translation unit
void Init_KeyPad(){
^
static 
main.c(59): warning: a function declaration without a prototype is deprecated in all versions of C [-Wstrict-prototypes]
void Init_ADC() {
             ^
              void
main.c(59): warning: no previous prototype for function 'Init_ADC' [-Wmissing-prototypes]
void Init_ADC() {
     ^
main.c(59): note: declare 'static' if the function is not intended to be used outside of this translation unit
void Init_ADC() {
^
static 
main.c(67): warning: a function declaration without a prototype is deprecated in all versions of C [-Wstrict-prototypes]
void Init_spi() {
             ^
              void
main.c(67): warning: no previous prototype for function 'Init_spi' [-Wmissing-prototypes]
void Init_spi() {
     ^
main.c(67): note: declare 'static' if the function is not intended to be used outside of this translation unit
void Init_spi() {
^
static 
main.c(84): warning: no previous prototype for function 'clear_rest' [-Wmissing-prototypes]
void clear_rest(char* msg, int size) {
     ^
main.c(84): note: declare 'static' if the function is not intended to be used outside of this translation unit
void clear_rest(char* msg, int size) {
^
static 
main.c(94): warning: no previous extern declaration for non-static variable 'waves' [-Wmissing-variable-declarations]
char waves[][4] = {"", "sin", "squ", "tri", "asn", "stp", "saw"};
     ^
main.c(94): note: declare 'static' if the variable is not intended to be used outside of this translation unit
char waves[][4] = {"", "sin", "squ", "tri", "asn", "stp", "saw"};
^
main.c(167): warning: implicitly declaring library function 'sprintf' with type 'int (char *, const char *, ...)' [-Wimplicit-function-declaration]
                                sprintf(msg, "%d", freq);
                                ^
main.c(167): note: include the header <stdio.h> or explicitly provide a declaration for 'sprintf'
main.c(112): warning: mixing declarations and code is a C99 extension [-Wdeclaration-after-statement]
        int i = 0;
            ^
main.c(219): warning: 'return' will never be executed [-Wunreachable-code-return]
        return 0;
               ^
main.c(222): warning: a function declaration without a prototype is deprecated in all versions of C [-Wstrict-prototypes]
int read_keyboard() {
                 ^
                  void
main.c(224): warning: mixing declarations and code is a C99 extension [-Wdeclaration-after-statement]
        uint32_t data = (GPIOC->IDR & (0xf << 3)) >> 3;
                 ^
main.c(222): warning: no previous prototype for function 'read_keyboard' [-Wmissing-prototypes]
int read_keyboard() {
    ^
main.c(4): note: this declaration is not a prototype; add 'void' to make it a prototype for a zero-parameter function
int read_keyboard();
    ^
                  void
main.c(268): warning: a function declaration without a prototype is deprecated in all versions of C [-Wstrict-prototypes]
uint16_t Read_ADC() {
                 ^
                  void
main.c(272): warning: mixing declarations and code is a C99 extension [-Wdeclaration-after-statement]
        uint16_t result = ADC1->DR & 0x0fff;
                 ^
main.c(268): warning: no previous prototype for function 'Read_ADC' [-Wmissing-prototypes]
uint16_t Read_ADC() {
         ^
main.c(5): note: this declaration is not a prototype; add 'void' to make it a prototype for a zero-parameter function
uint16_t Read_ADC();
         ^
                  void
main.c(277): warning: implicit conversion changes signedness: 'int' to 'unsigned int' [-Wsign-conversion]
        GPIOA->ODR &= ~(1<<4);
                   ~~ ^~~~~~~
main.c(288): warning: no previous prototype for function 'SysTick_Handler' [-Wmissing-prototypes]
void SysTick_Handler(void)
     ^
main.c(288): note: declare 'static' if the function is not intended to be used outside of this translation unit
void SysTick_Handler(void)
^
static 
23 warnings generated.
compiling main.c...
linking...
Program Size: Code=12128 RO-data=1148 RW-data=40 ZI-data=1648  
FromELF: creating hex file...
".\Objects\signal_generator.axf" - 0 Error(s), 23 Warning(s).

<h2>Software Packages used:</h2>

Package Vendor: ARM
                http://www.keil.com/pack/ARM.CMSIS.5.9.0.pack
                ARM.CMSIS.5.9.0
                CMSIS (Common Microcontroller Software Interface Standard)
   * Component: CORE Version: 5.6.0

Package Vendor: Keil
                https://www.keil.com/pack/Keil.STM32F4xx_DFP.2.17.0.pack
                Keil.STM32F4xx_DFP.2.17.0
                STMicroelectronics STM32F4 Series Device Support, Drivers and Examples
   * Component: STM32Cube Framework Version: 1.0.0
   * Component: Classic Version: 1.8.1
   * Component: Common Version: 1.8.1
   * Component: Cortex Version: 1.8.1
   * Component: GPIO Version: 1.8.1
   * Component: PWR Version: 1.8.1
   * Component: RCC Version: 1.8.1
   * Component: Startup Version: 2.6.3

<h2>Collection of Component include folders:</h2>
  ./RTE/Device/STM32F401RETx
  ./RTE/_Target_1
  D:/keil/packs/ARM/CMSIS/5.9.0/CMSIS/Core/Include
  D:/keil/packs/Keil/STM32F4xx_DFP/2.17.0/Drivers/CMSIS/Device/ST/STM32F4xx/Include
  D:/keil/packs/Keil/STM32F4xx_DFP/2.17.0/Drivers/STM32F4xx_HAL_Driver/Inc

<h2>Collection of Component Files used:</h2>

   * Component: ::Device:STM32Cube Framework:1.0.0 (API)

   * Component: ARM::CMSIS:CORE:5.6.0

   * Component: Keil::Device:STM32Cube Framework:Classic:1.8.1
      Source file:   MDK/Templates/Src/main.c
      Include file:  MDK/Templates_LL/Inc/main.h
      Source file:   MDK/Templates_LL/Src/main.c
      Include file:  MDK/Templates/Inc/stm32f4xx_it.h
      Include file:  MDK/Templates/Inc/stm32f4xx_hal_conf.h
      Include file:  CMSIS/Driver/Config/RTE_Device.h
      Source file:   MDK/Templates/Src/stm32f4xx_hal_msp.c
      Source file:   MDK/Templates/Src/stm32f4xx_it.c
      Include file:  MDK/Templates/Inc/main.h

   * Component: Keil::Device:STM32Cube HAL:Common:1.8.1
      Source file:   Drivers/STM32F4xx_HAL_Driver/Src/stm32f4xx_hal.c
      Include file:  Drivers/STM32F4xx_HAL_Driver/Inc/stm32f4xx_hal.h

   * Component: Keil::Device:STM32Cube HAL:Cortex:1.8.1
      Source file:   Drivers/STM32F4xx_HAL_Driver/Src/stm32f4xx_hal_cortex.c

   * Component: Keil::Device:STM32Cube HAL:GPIO:1.8.1
      Source file:   Drivers/STM32F4xx_HAL_Driver/Src/stm32f4xx_hal_gpio.c

   * Component: Keil::Device:STM32Cube HAL:PWR:1.8.1
      Source file:   Drivers/STM32F4xx_HAL_Driver/Src/stm32f4xx_hal_pwr_ex.c
      Source file:   Drivers/STM32F4xx_HAL_Driver/Src/stm32f4xx_hal_pwr.c

   * Component: Keil::Device:STM32Cube HAL:RCC:1.8.1
      Source file:   Drivers/STM32F4xx_HAL_Driver/Src/stm32f4xx_hal_rcc_ex.c
      Source file:   Drivers/STM32F4xx_HAL_Driver/Src/stm32f4xx_hal_rcc.c

   * Component: Keil::Device:Startup:2.6.3
      Source file:   Drivers/CMSIS/Device/ST/STM32F4xx/Source/Templates/arm/startup_stm32f401xe.s
      Source file:   MDK/Device/Source/ARM/STM32F4xx_OTP.s
      Include file:  Drivers/CMSIS/Device/ST/STM32F4xx/Include/stm32f4xx.h
      Source file:   MDK/Device/Source/ARM/STM32F401xx_OPT.s
      Source file:   Drivers/CMSIS/Device/ST/STM32F4xx/Source/Templates/system_stm32f4xx.c
Build Time Elapsed:  00:00:00
</pre>
</body>
</html>
